[developer.freevi.com/doc/index.html]
[backblue.gif]
[fade.gif]
[index.html]
[developer.freevi.com/forum/bower_components/bootstrap/dist/css/bootstrap.min.css]
[developer.freevi.com/forum/bower_components/fontawesome/css/font-awesome.min.css]
[developer.freevi.com/forum/bower_components/animate.css/animate.min.css]
[developer.freevi.com/css/common.css]
[developer.freevi.com/css/style.css]
[developer.freevi.com/forum/favicon.png]
[developer.freevi.com/forum/bower_components/bootstrap/dist/js/bootstrap.min.js]
[developer.freevi.com/forum/style/bootstrap/images/flightdeck-logo.png]
[developer.freevi.com/forum/style/bootstrap/images/down.png]
[developer.freevi.com/js/sethead.js]
[developer.freevi.com/forum/bower_components/jquery/dist/jquery.min.js]
[developer.freevi.com/doc/index-2.html]
[developer.freevi.com/doc/index.html]
[developer.freevi.com/forum/bower_components/bootstrap/dist/css/bootstrap.min.css]
[developer.freevi.com/forum/bower_components/fontawesome/css/font-awesome.min.css]
[developer.freevi.com/forum/bower_components/animate.css/animate.min.css]
[developer.freevi.com/css/fonts/OpenSans/opensans_light_macroman/OpenSans-Light-webfont.eot]
[developer.freevi.com/css/fonts/OpenSans/opensans_light_macroman/OpenSans-Light-webfont.woff]
[developer.freevi.com/css/fonts/OpenSans/opensans_light_macroman/OpenSans-Light-webfontd41d.eot]
[developer.freevi.com/css/fonts/OpenSans/opensans_semibold_macroman/OpenSans-Semibold-webfont.eot]
[developer.freevi.com/css/fonts/OpenSans/opensans_semibold_macroman/OpenSans-Semibold-webfont.woff]
[developer.freevi.com/css/fonts/OpenSans/opensans_semibold_macroman/OpenSans-Semibold-webfontd41d.eot]
[freevi.com/img/jquery.fs.shifter-icon.png]
[developer.freevi.com/css/common.css]
[developer.freevi.com/img/background.png]
[developer.freevi.com/img/camera_sm.png]
[developer.freevi.com/img/button.png]
[developer.freevi.com/css/style.css]
[developer.freevi.com/doc/overview-frame.html]
[developer.freevi.com/doc/allclasses-frame.html]
[developer.freevi.com/doc/overview-summary.html]
[developer.freevi.com/doc/index-2.html]
[developer.freevi.com/css/fonts/OpenSans/opensans_light_macroman/OpenSans-Light-webfont.html]
[developer.freevi.com/css/fonts/OpenSans/opensans_light_macroman/OpenSans-Light-webfont.svg]
[developer.freevi.com/css/fonts/OpenSans/opensans_semibold_macroman/OpenSans-Semibold-webfont.html]
[developer.freevi.com/css/fonts/OpenSans/opensans_semibold_macroman/OpenSans-Semibold-webfont.svg]
[developer.freevi.com/doc/stylesheet.css]
[developer.freevi.com/doc/org/morphus/package-frame.html]
[developer.freevi.com/doc/org/morphus/renderer/package-frame.html]
[developer.freevi.com/doc/org/morphus/stereo/package-frame.html]
[developer.freevi.com/doc/overview-frame.html]
[developer.freevi.com/doc/org/morphus/renderer/AbstractRenderer.html]
[developer.freevi.com/doc/org/morphus/stereo/Camera.html]
[developer.freevi.com/doc/org/morphus/stereo/Camera.Channel.html]
[developer.freevi.com/doc/org/morphus/stereo/Display.html]
[developer.freevi.com/doc/org/morphus/stereo/Display.Layout.html]
[developer.freevi.com/doc/org/morphus/stereo/Display.RenderMode.html]
[developer.freevi.com/doc/org/morphus/stereo/Display.TnMode.html]
[developer.freevi.com/doc/org/morphus/MoSDK.html]
[developer.freevi.com/doc/org/morphus/MoConfig.html]
[developer.freevi.com/doc/org/morphus/MoConfig.Builder.html]
[developer.freevi.com/doc/org/morphus/stereo/StereoCamera.html]
[developer.freevi.com/doc/org/morphus/stereo/StereoDisplay.html]
[developer.freevi.com/doc/org/morphus/renderer/Viewport.html]
[developer.freevi.com/doc/org/morphus/stereo/VoidDisplay.html]
[developer.freevi.com/doc/allclasses-frame.html]
[developer.freevi.com/doc/overview-tree.html]
[developer.freevi.com/doc/deprecated-list.html]
[developer.freevi.com/doc/index-all.html]
[developer.freevi.com/doc/help-doc.html]
[developer.freevi.com/doc/indexe0d5e0d5.html]
[developer.freevi.com/doc/allclasses-noframe.html]
[developer.freevi.com/doc/doc-files/morphus.png]
[developer.freevi.com/doc/org/morphus/package-summary.html]
[developer.freevi.com/doc/org/morphus/renderer/package-summary.html]
[developer.freevi.com/doc/org/morphus/stereo/package-summary.html]
[developer.freevi.com/doc/doc-files/architecture.gif]
[developer.freevi.com/doc/overview-summary.html]
[developer.freevi.com/doc/morphus-documentation.css]
[developer.freevi.com/doc/resources/titlebar.gif]
[developer.freevi.com/doc/stylesheet.css]
[developer.freevi.com/doc/org/morphus/package-frame.html]
[developer.freevi.com/doc/org/morphus/renderer/package-frame.html]
[developer.freevi.com/doc/org/morphus/stereo/package-frame.html]
[developer.freevi.com/doc/org/morphus/renderer/class-use/AbstractRenderer.html]
[developer.freevi.com/doc/org/morphus/renderer/package-tree.html]
[developer.freevi.com/doc/index87e887e8.html]
[developer.freevi.com/doc/org/morphus/renderer/AbstractRenderer.html]
[developer.freevi.com/doc/org/morphus/stereo/class-use/Camera.html]
[developer.freevi.com/doc/org/morphus/stereo/package-tree.html]
[developer.freevi.com/doc/index13921392.html]
[developer.freevi.com/doc/org/morphus/stereo/Camera.html]
[developer.freevi.com/doc/org/morphus/stereo/class-use/Camera.Channel.html]
[developer.freevi.com/doc/indexca8eca8e.html]
[developer.freevi.com/doc/org/morphus/stereo/Camera.Channel.html]
[developer.freevi.com/doc/org/morphus/stereo/class-use/Display.html]
[developer.freevi.com/doc/index09620962.html]
[developer.freevi.com/doc/org/morphus/stereo/Display.html]
[developer.freevi.com/doc/org/morphus/stereo/class-use/Display.Layout.html]
[developer.freevi.com/doc/index727c727c.html]
[developer.freevi.com/doc/org/morphus/stereo/Display.Layout.html]
[developer.freevi.com/doc/org/morphus/stereo/class-use/Display.RenderMode.html]
[developer.freevi.com/doc/indexf21bf21b.html]
[developer.freevi.com/doc/org/morphus/stereo/Display.RenderMode.html]
[developer.freevi.com/doc/org/morphus/stereo/class-use/Display.TnMode.html]
[developer.freevi.com/doc/index0ccc0ccc.html]
[developer.freevi.com/doc/org/morphus/stereo/Display.TnMode.html]
[developer.freevi.com/doc/org/morphus/class-use/MoSDK.html]
[developer.freevi.com/doc/org/morphus/package-tree.html]
[developer.freevi.com/doc/index808a808a.html]
[developer.freevi.com/doc/org/morphus/MoSDK.html]
[developer.freevi.com/doc/constant-values.html]
[developer.freevi.com/doc/org/morphus/class-use/MoConfig.html]
[developer.freevi.com/doc/index8f558f55.html]
[developer.freevi.com/doc/serialized-form.html]
[developer.freevi.com/doc/org/morphus/MoConfig.html]
[developer.freevi.com/doc/org/morphus/class-use/MoConfig.Builder.html]
[developer.freevi.com/doc/index22372237.html]
[developer.freevi.com/doc/org/morphus/MoConfig.Builder.html]
[developer.freevi.com/doc/org/morphus/stereo/class-use/StereoCamera.html]
[developer.freevi.com/doc/index4d524d52.html]
[developer.freevi.com/doc/org/morphus/stereo/StereoCamera.html]
[developer.freevi.com/doc/org/morphus/stereo/class-use/StereoDisplay.html]
[developer.freevi.com/doc/index4d434d43.html]
[developer.freevi.com/doc/org/morphus/stereo/StereoDisplay.html]
[developer.freevi.com/doc/org/morphus/renderer/class-use/Viewport.html]
[developer.freevi.com/doc/indexaf71af71.html]
[developer.freevi.com/doc/org/morphus/renderer/Viewport.html]
[developer.freevi.com/doc/org/morphus/stereo/class-use/VoidDisplay.html]
[developer.freevi.com/doc/indexaa1daa1d.html]
[developer.freevi.com/doc/org/morphus/stereo/VoidDisplay.html]
[developer.freevi.com/doc/indexcaf2caf2.html]
[developer.freevi.com/doc/overview-tree.html]
[developer.freevi.com/doc/index94a594a5.html]
[developer.freevi.com/doc/deprecated-list.html]
[developer.freevi.com/doc/indexfcc0fcc0.html]
[developer.freevi.com/doc/index-all.html]
[developer.freevi.com/doc/indexb46ab46a.html]
[developer.freevi.com/doc/help-doc.html]
[developer.freevi.com/doc/indexe0d5e0d5.html]
[developer.freevi.com/doc/allclasses-noframe.html]
[developer.freevi.com/doc/org/morphus/package-use.html]
[developer.freevi.com/doc/indexeb4aeb4a.html]
[developer.freevi.com/doc/org/morphus/package-summary.html]
[developer.freevi.com/doc/org/morphus/renderer/package-use.html]
[developer.freevi.com/doc/index6f7d6f7d.html]
[developer.freevi.com/doc/org/morphus/renderer/package-summary.html]
[developer.freevi.com/doc/org/morphus/stereo/package-use.html]
[developer.freevi.com/doc/indexe5d0e5d0.html]
[developer.freevi.com/doc/org/morphus/stereo/package-summary.html]
[developer.freevi.com/doc/morphus-documentation.css]
[developer.freevi.com/doc/indexa06aa06a.html]
[developer.freevi.com/doc/org/morphus/renderer/class-use/AbstractRenderer.html]
[developer.freevi.com/doc/index8ea08ea0.html]
[developer.freevi.com/doc/org/morphus/renderer/package-tree.html]
[developer.freevi.com/doc/index87e887e8.html]
[developer.freevi.com/doc/indexe607e607.html]
[developer.freevi.com/doc/org/morphus/stereo/class-use/Camera.html]
[developer.freevi.com/doc/index9edb9edb.html]
[developer.freevi.com/doc/org/morphus/stereo/package-tree.html]
[developer.freevi.com/doc/index13921392.html]
[developer.freevi.com/doc/index8d968d96.html]
[developer.freevi.com/doc/org/morphus/stereo/class-use/Camera.Channel.html]
[developer.freevi.com/doc/indexca8eca8e.html]
[developer.freevi.com/doc/index14df14df.html]
[developer.freevi.com/doc/org/morphus/stereo/class-use/Display.html]
[developer.freevi.com/doc/index09620962.html]
[developer.freevi.com/doc/index62bb62bb.html]
[developer.freevi.com/doc/org/morphus/stereo/class-use/Display.Layout.html]
[developer.freevi.com/doc/index727c727c.html]
[developer.freevi.com/doc/index74fc74fc.html]
[developer.freevi.com/doc/org/morphus/stereo/class-use/Display.RenderMode.html]
[developer.freevi.com/doc/indexf21bf21b.html]
[developer.freevi.com/doc/index0dc00dc0.html]
[developer.freevi.com/doc/org/morphus/stereo/class-use/Display.TnMode.html]
[developer.freevi.com/doc/index0ccc0ccc.html]
[developer.freevi.com/doc/index3cf83cf8.html]
[developer.freevi.com/doc/org/morphus/class-use/MoSDK.html]
[developer.freevi.com/doc/indexbbcdbbcd.html]
[developer.freevi.com/doc/org/morphus/package-tree.html]
[developer.freevi.com/doc/index808a808a.html]
[developer.freevi.com/doc/indexd866d866.html]
[developer.freevi.com/doc/constant-values.html]
[developer.freevi.com/doc/index77997799.html]
[developer.freevi.com/doc/org/morphus/class-use/MoConfig.html]
[developer.freevi.com/doc/index8f558f55.html]
[developer.freevi.com/doc/index10d110d1.html]
[developer.freevi.com/doc/serialized-form.html]
[developer.freevi.com/doc/indexbd44bd44.html]
[developer.freevi.com/doc/org/morphus/class-use/MoConfig.Builder.html]
[developer.freevi.com/doc/index22372237.html]
[developer.freevi.com/doc/index543b543b.html]
[developer.freevi.com/doc/org/morphus/stereo/class-use/StereoCamera.html]
[developer.freevi.com/doc/index4d524d52.html]
[developer.freevi.com/doc/indexb03eb03e.html]
[developer.freevi.com/doc/org/morphus/stereo/class-use/StereoDisplay.html]
[developer.freevi.com/doc/index4d434d43.html]
[developer.freevi.com/doc/index4b2a4b2a.html]
[developer.freevi.com/doc/org/morphus/renderer/class-use/Viewport.html]
[developer.freevi.com/doc/indexaf71af71.html]
[developer.freevi.com/doc/indexcfa3cfa3.html]
[developer.freevi.com/doc/org/morphus/stereo/class-use/VoidDisplay.html]
[developer.freevi.com/doc/indexaa1daa1d.html]
[developer.freevi.com/doc/indexcaf2caf2.html]
[developer.freevi.com/doc/index94a594a5.html]
[developer.freevi.com/doc/indexfcc0fcc0.html]
[developer.freevi.com/doc/indexb46ab46a.html]
[developer.freevi.com/doc/indexdd68dd68.html]
[developer.freevi.com/doc/org/morphus/package-use.html]
[developer.freevi.com/doc/indexeb4aeb4a.html]
[developer.freevi.com/doc/index5f8a5f8a.html]
[developer.freevi.com/doc/org/morphus/renderer/package-use.html]
[developer.freevi.com/doc/index6f7d6f7d.html]
[developer.freevi.com/doc/index94369436.html]
[developer.freevi.com/doc/org/morphus/stereo/package-use.html]
[developer.freevi.com/doc/indexe5d0e5d0.html]
[developer.freevi.com/doc/indexa06aa06a.html]
[developer.freevi.com/doc/index8ea08ea0.html]
[developer.freevi.com/doc/indexe607e607.html]
[developer.freevi.com/doc/index9edb9edb.html]
[developer.freevi.com/doc/index8d968d96.html]
[developer.freevi.com/doc/index14df14df.html]
[developer.freevi.com/doc/index62bb62bb.html]
[developer.freevi.com/doc/index74fc74fc.html]
[developer.freevi.com/doc/index0dc00dc0.html]
[developer.freevi.com/doc/index3cf83cf8.html]
[developer.freevi.com/doc/indexbbcdbbcd.html]
[developer.freevi.com/doc/indexd866d866.html]
[developer.freevi.com/doc/index77997799.html]
[developer.freevi.com/doc/index10d110d1.html]
[developer.freevi.com/doc/indexbd44bd44.html]
[developer.freevi.com/doc/index543b543b.html]
[developer.freevi.com/doc/indexb03eb03e.html]
[developer.freevi.com/doc/index4b2a4b2a.html]
[developer.freevi.com/doc/indexcfa3cfa3.html]
[developer.freevi.com/doc/indexdd68dd68.html]
[developer.freevi.com/doc/index5f8a5f8a.html]
[developer.freevi.com/doc/index94369436.html]
